{
    "-profile test": {
        "content": [
            9,
            {
                "Workflow": {
                    "nf-core/sopa": "v1.0.0dev"
                }
            },
            [
                "pipeline_info",
                "pipeline_info/nf_core_sopa_software_mqc_versions.yml",
                "sample1.explorer",
                "sample1.explorer/adata.h5ad",
                "sample1.explorer/analysis.zarr.zip",
                "sample1.explorer/analysis_summary.html",
                "sample1.explorer/cell_feature_matrix.zarr.zip",
                "sample1.explorer/cells.zarr.zip",
                "sample1.explorer/experiment.xenium",
                "sample1.explorer/morphology.ome.tif",
                "sample1.explorer/transcripts.zarr.zip",
                "sample1.zarr",
                "sample1.zarr/.zattrs",
                "sample1.zarr/.zgroup",
                "sample1.zarr/images",
                "sample1.zarr/images/.zgroup",
                "sample1.zarr/images/he_image",
                "sample1.zarr/images/he_image/.zattrs",
                "sample1.zarr/images/he_image/.zgroup",
                "sample1.zarr/images/he_image/0",
                "sample1.zarr/images/he_image/0/.zarray",
                "sample1.zarr/images/he_image/0/0",
                "sample1.zarr/images/he_image/0/0/0",
                "sample1.zarr/images/he_image/0/0/0/0",
                "sample1.zarr/images/he_image/0/0/0/1",
                "sample1.zarr/images/he_image/0/0/0/2",
                "sample1.zarr/images/he_image/0/0/0/3",
                "sample1.zarr/images/he_image/0/0/1",
                "sample1.zarr/images/he_image/0/0/1/0",
                "sample1.zarr/images/he_image/0/0/1/1",
                "sample1.zarr/images/he_image/0/0/1/2",
                "sample1.zarr/images/he_image/0/0/1/3",
                "sample1.zarr/images/he_image/0/0/2",
                "sample1.zarr/images/he_image/0/0/2/0",
                "sample1.zarr/images/he_image/0/0/2/1",
                "sample1.zarr/images/he_image/0/0/2/2",
                "sample1.zarr/images/he_image/0/0/2/3",
                "sample1.zarr/images/he_image/0/0/3",
                "sample1.zarr/images/he_image/0/0/3/0",
                "sample1.zarr/images/he_image/0/0/3/1",
                "sample1.zarr/images/he_image/0/0/3/2",
                "sample1.zarr/images/he_image/0/0/3/3",
                "sample1.zarr/images/he_image/1",
                "sample1.zarr/images/he_image/1/.zarray",
                "sample1.zarr/images/he_image/1/0",
                "sample1.zarr/images/he_image/1/0/0",
                "sample1.zarr/images/he_image/1/0/0/0",
                "sample1.zarr/images/he_image/1/0/0/1",
                "sample1.zarr/images/he_image/1/0/1",
                "sample1.zarr/images/he_image/1/0/1/0",
                "sample1.zarr/images/he_image/1/0/1/1",
                "sample1.zarr/images/he_image/2",
                "sample1.zarr/images/he_image/2/.zarray",
                "sample1.zarr/images/he_image/2/0",
                "sample1.zarr/images/he_image/2/0/0",
                "sample1.zarr/images/he_image/2/0/0/0",
                "sample1.zarr/images/image",
                "sample1.zarr/images/image/.zattrs",
                "sample1.zarr/images/image/.zgroup",
                "sample1.zarr/images/image/0",
                "sample1.zarr/images/image/0/.zarray",
                "sample1.zarr/images/image/0/0",
                "sample1.zarr/images/image/0/0/0",
                "sample1.zarr/images/image/0/0/0/0",
                "sample1.zarr/images/image/0/0/0/1",
                "sample1.zarr/images/image/0/0/1",
                "sample1.zarr/images/image/0/0/1/0",
                "sample1.zarr/images/image/0/0/1/1",
                "sample1.zarr/images/image/0/1",
                "sample1.zarr/images/image/0/1/0",
                "sample1.zarr/images/image/0/1/0/0",
                "sample1.zarr/images/image/0/1/0/1",
                "sample1.zarr/images/image/0/1/1",
                "sample1.zarr/images/image/0/1/1/0",
                "sample1.zarr/images/image/0/1/1/1",
                "sample1.zarr/images/image/0/2",
                "sample1.zarr/images/image/0/2/0",
                "sample1.zarr/images/image/0/2/0/0",
                "sample1.zarr/images/image/0/2/0/1",
                "sample1.zarr/images/image/0/2/1",
                "sample1.zarr/images/image/0/2/1/0",
                "sample1.zarr/images/image/0/2/1/1",
                "sample1.zarr/images/image/0/3",
                "sample1.zarr/images/image/0/3/0",
                "sample1.zarr/images/image/0/3/0/0",
                "sample1.zarr/images/image/0/3/0/1",
                "sample1.zarr/images/image/0/3/1",
                "sample1.zarr/images/image/0/3/1/0",
                "sample1.zarr/images/image/0/3/1/1",
                "sample1.zarr/points",
                "sample1.zarr/points/.zgroup",
                "sample1.zarr/points/misc",
                "sample1.zarr/points/misc/.zattrs",
                "sample1.zarr/points/misc/.zgroup",
                "sample1.zarr/points/misc/points.parquet",
                "sample1.zarr/points/misc/points.parquet/part.0.parquet",
                "sample1.zarr/points/transcripts",
                "sample1.zarr/points/transcripts/.zattrs",
                "sample1.zarr/points/transcripts/.zgroup",
                "sample1.zarr/points/transcripts/points.parquet",
                "sample1.zarr/points/transcripts/points.parquet/part.0.parquet",
                "sample1.zarr/shapes",
                "sample1.zarr/shapes/.zgroup",
                "sample1.zarr/shapes/baysor_boundaries",
                "sample1.zarr/shapes/baysor_boundaries/.zattrs",
                "sample1.zarr/shapes/baysor_boundaries/.zgroup",
                "sample1.zarr/shapes/baysor_boundaries/shapes.parquet",
                "sample1.zarr/shapes/cells",
                "sample1.zarr/shapes/cells/.zattrs",
                "sample1.zarr/shapes/cells/.zgroup",
                "sample1.zarr/shapes/cells/shapes.parquet",
                "sample1.zarr/shapes/transcripts_patches",
                "sample1.zarr/shapes/transcripts_patches/.zattrs",
                "sample1.zarr/shapes/transcripts_patches/.zgroup",
                "sample1.zarr/shapes/transcripts_patches/shapes.parquet",
                "sample1.zarr/tables",
                "sample1.zarr/tables/.zgroup",
                "sample1.zarr/tables/table",
                "sample1.zarr/tables/table/.zattrs",
                "sample1.zarr/tables/table/.zgroup",
                "sample1.zarr/tables/table/X",
                "sample1.zarr/tables/table/X/.zattrs",
                "sample1.zarr/tables/table/X/.zgroup",
                "sample1.zarr/tables/table/X/data",
                "sample1.zarr/tables/table/X/data/.zarray",
                "sample1.zarr/tables/table/X/data/0",
                "sample1.zarr/tables/table/X/indices",
                "sample1.zarr/tables/table/X/indices/.zarray",
                "sample1.zarr/tables/table/X/indices/0",
                "sample1.zarr/tables/table/X/indptr",
                "sample1.zarr/tables/table/X/indptr/.zarray",
                "sample1.zarr/tables/table/X/indptr/0",
                "sample1.zarr/tables/table/layers",
                "sample1.zarr/tables/table/layers/.zattrs",
                "sample1.zarr/tables/table/layers/.zgroup",
                "sample1.zarr/tables/table/obs",
                "sample1.zarr/tables/table/obs/.zattrs",
                "sample1.zarr/tables/table/obs/.zgroup",
                "sample1.zarr/tables/table/obs/_index",
                "sample1.zarr/tables/table/obs/_index/.zarray",
                "sample1.zarr/tables/table/obs/_index/.zattrs",
                "sample1.zarr/tables/table/obs/_index/0",
                "sample1.zarr/tables/table/obs/area",
                "sample1.zarr/tables/table/obs/area/.zarray",
                "sample1.zarr/tables/table/obs/area/.zattrs",
                "sample1.zarr/tables/table/obs/area/0",
                "sample1.zarr/tables/table/obs/avg_assignment_confidence",
                "sample1.zarr/tables/table/obs/avg_assignment_confidence/.zarray",
                "sample1.zarr/tables/table/obs/avg_assignment_confidence/.zattrs",
                "sample1.zarr/tables/table/obs/avg_assignment_confidence/0",
                "sample1.zarr/tables/table/obs/avg_confidence",
                "sample1.zarr/tables/table/obs/avg_confidence/.zarray",
                "sample1.zarr/tables/table/obs/avg_confidence/.zattrs",
                "sample1.zarr/tables/table/obs/avg_confidence/0",
                "sample1.zarr/tables/table/obs/baysor_area",
                "sample1.zarr/tables/table/obs/baysor_area/.zarray",
                "sample1.zarr/tables/table/obs/baysor_area/.zattrs",
                "sample1.zarr/tables/table/obs/baysor_area/0",
                "sample1.zarr/tables/table/obs/cell_id",
                "sample1.zarr/tables/table/obs/cell_id/.zarray",
                "sample1.zarr/tables/table/obs/cell_id/.zattrs",
                "sample1.zarr/tables/table/obs/cell_id/0",
                "sample1.zarr/tables/table/obs/cluster",
                "sample1.zarr/tables/table/obs/cluster/.zarray",
                "sample1.zarr/tables/table/obs/cluster/.zattrs",
                "sample1.zarr/tables/table/obs/cluster/0",
                "sample1.zarr/tables/table/obs/density",
                "sample1.zarr/tables/table/obs/density/.zarray",
                "sample1.zarr/tables/table/obs/density/.zattrs",
                "sample1.zarr/tables/table/obs/density/0",
                "sample1.zarr/tables/table/obs/elongation",
                "sample1.zarr/tables/table/obs/elongation/.zarray",
                "sample1.zarr/tables/table/obs/elongation/.zattrs",
                "sample1.zarr/tables/table/obs/elongation/0",
                "sample1.zarr/tables/table/obs/lifespan",
                "sample1.zarr/tables/table/obs/lifespan/.zarray",
                "sample1.zarr/tables/table/obs/lifespan/.zattrs",
                "sample1.zarr/tables/table/obs/lifespan/0",
                "sample1.zarr/tables/table/obs/max_cluster_frac",
                "sample1.zarr/tables/table/obs/max_cluster_frac/.zarray",
                "sample1.zarr/tables/table/obs/max_cluster_frac/.zattrs",
                "sample1.zarr/tables/table/obs/max_cluster_frac/0",
                "sample1.zarr/tables/table/obs/n_transcripts",
                "sample1.zarr/tables/table/obs/n_transcripts/.zarray",
                "sample1.zarr/tables/table/obs/n_transcripts/.zattrs",
                "sample1.zarr/tables/table/obs/n_transcripts/0",
                "sample1.zarr/tables/table/obs/region",
                "sample1.zarr/tables/table/obs/region/.zattrs",
                "sample1.zarr/tables/table/obs/region/.zgroup",
                "sample1.zarr/tables/table/obs/region/categories",
                "sample1.zarr/tables/table/obs/region/categories/.zarray",
                "sample1.zarr/tables/table/obs/region/categories/.zattrs",
                "sample1.zarr/tables/table/obs/region/categories/0",
                "sample1.zarr/tables/table/obs/region/codes",
                "sample1.zarr/tables/table/obs/region/codes/.zarray",
                "sample1.zarr/tables/table/obs/region/codes/.zattrs",
                "sample1.zarr/tables/table/obs/region/codes/0",
                "sample1.zarr/tables/table/obs/slide",
                "sample1.zarr/tables/table/obs/slide/.zattrs",
                "sample1.zarr/tables/table/obs/slide/.zgroup",
                "sample1.zarr/tables/table/obs/slide/categories",
                "sample1.zarr/tables/table/obs/slide/categories/.zarray",
                "sample1.zarr/tables/table/obs/slide/categories/.zattrs",
                "sample1.zarr/tables/table/obs/slide/categories/0",
                "sample1.zarr/tables/table/obs/slide/codes",
                "sample1.zarr/tables/table/obs/slide/codes/.zarray",
                "sample1.zarr/tables/table/obs/slide/codes/.zattrs",
                "sample1.zarr/tables/table/obs/slide/codes/0",
                "sample1.zarr/tables/table/obs/x",
                "sample1.zarr/tables/table/obs/x/.zarray",
                "sample1.zarr/tables/table/obs/x/.zattrs",
                "sample1.zarr/tables/table/obs/x/0",
                "sample1.zarr/tables/table/obs/y",
                "sample1.zarr/tables/table/obs/y/.zarray",
                "sample1.zarr/tables/table/obs/y/.zattrs",
                "sample1.zarr/tables/table/obs/y/0",
                "sample1.zarr/tables/table/obsm",
                "sample1.zarr/tables/table/obsm/.zattrs",
                "sample1.zarr/tables/table/obsm/.zgroup",
                "sample1.zarr/tables/table/obsm/intensities",
                "sample1.zarr/tables/table/obsm/intensities/.zattrs",
                "sample1.zarr/tables/table/obsm/intensities/.zgroup",
                "sample1.zarr/tables/table/obsm/intensities/CD20",
                "sample1.zarr/tables/table/obsm/intensities/CD20/.zarray",
                "sample1.zarr/tables/table/obsm/intensities/CD20/.zattrs",
                "sample1.zarr/tables/table/obsm/intensities/CD20/0",
                "sample1.zarr/tables/table/obsm/intensities/CD3",
                "sample1.zarr/tables/table/obsm/intensities/CD3/.zarray",
                "sample1.zarr/tables/table/obsm/intensities/CD3/.zattrs",
                "sample1.zarr/tables/table/obsm/intensities/CD3/0",
                "sample1.zarr/tables/table/obsm/intensities/CK",
                "sample1.zarr/tables/table/obsm/intensities/CK/.zarray",
                "sample1.zarr/tables/table/obsm/intensities/CK/.zattrs",
                "sample1.zarr/tables/table/obsm/intensities/CK/0",
                "sample1.zarr/tables/table/obsm/intensities/DAPI",
                "sample1.zarr/tables/table/obsm/intensities/DAPI/.zarray",
                "sample1.zarr/tables/table/obsm/intensities/DAPI/.zattrs",
                "sample1.zarr/tables/table/obsm/intensities/DAPI/0",
                "sample1.zarr/tables/table/obsm/intensities/_index",
                "sample1.zarr/tables/table/obsm/intensities/_index/.zarray",
                "sample1.zarr/tables/table/obsm/intensities/_index/.zattrs",
                "sample1.zarr/tables/table/obsm/intensities/_index/0",
                "sample1.zarr/tables/table/obsm/spatial",
                "sample1.zarr/tables/table/obsm/spatial/.zarray",
                "sample1.zarr/tables/table/obsm/spatial/.zattrs",
                "sample1.zarr/tables/table/obsm/spatial/0",
                "sample1.zarr/tables/table/obsm/spatial/0/0",
                "sample1.zarr/tables/table/obsp",
                "sample1.zarr/tables/table/obsp/.zattrs",
                "sample1.zarr/tables/table/obsp/.zgroup",
                "sample1.zarr/tables/table/uns",
                "sample1.zarr/tables/table/uns/.zattrs",
                "sample1.zarr/tables/table/uns/.zgroup",
                "sample1.zarr/tables/table/uns/sopa_attrs",
                "sample1.zarr/tables/table/uns/sopa_attrs/.zattrs",
                "sample1.zarr/tables/table/uns/sopa_attrs/.zgroup",
                "sample1.zarr/tables/table/uns/sopa_attrs/intensities",
                "sample1.zarr/tables/table/uns/sopa_attrs/intensities/.zarray",
                "sample1.zarr/tables/table/uns/sopa_attrs/intensities/.zattrs",
                "sample1.zarr/tables/table/uns/sopa_attrs/intensities/0",
                "sample1.zarr/tables/table/uns/sopa_attrs/transcripts",
                "sample1.zarr/tables/table/uns/sopa_attrs/transcripts/.zarray",
                "sample1.zarr/tables/table/uns/sopa_attrs/transcripts/.zattrs",
                "sample1.zarr/tables/table/uns/sopa_attrs/transcripts/0",
                "sample1.zarr/tables/table/uns/spatialdata_attrs",
                "sample1.zarr/tables/table/uns/spatialdata_attrs/.zattrs",
                "sample1.zarr/tables/table/uns/spatialdata_attrs/.zgroup",
                "sample1.zarr/tables/table/uns/spatialdata_attrs/instance_key",
                "sample1.zarr/tables/table/uns/spatialdata_attrs/instance_key/.zarray",
                "sample1.zarr/tables/table/uns/spatialdata_attrs/instance_key/.zattrs",
                "sample1.zarr/tables/table/uns/spatialdata_attrs/instance_key/0",
                "sample1.zarr/tables/table/uns/spatialdata_attrs/region",
                "sample1.zarr/tables/table/uns/spatialdata_attrs/region/.zarray",
                "sample1.zarr/tables/table/uns/spatialdata_attrs/region/.zattrs",
                "sample1.zarr/tables/table/uns/spatialdata_attrs/region/0",
                "sample1.zarr/tables/table/uns/spatialdata_attrs/region_key",
                "sample1.zarr/tables/table/uns/spatialdata_attrs/region_key/.zarray",
                "sample1.zarr/tables/table/uns/spatialdata_attrs/region_key/.zattrs",
                "sample1.zarr/tables/table/uns/spatialdata_attrs/region_key/0",
                "sample1.zarr/tables/table/var",
                "sample1.zarr/tables/table/var/.zattrs",
                "sample1.zarr/tables/table/var/.zgroup",
                "sample1.zarr/tables/table/var/Name",
                "sample1.zarr/tables/table/var/Name/.zarray",
                "sample1.zarr/tables/table/var/Name/.zattrs",
                "sample1.zarr/tables/table/var/Name/0",
                "sample1.zarr/tables/table/varm",
                "sample1.zarr/tables/table/varm/.zattrs",
                "sample1.zarr/tables/table/varm/.zgroup",
                "sample1.zarr/tables/table/varp",
                "sample1.zarr/tables/table/varp/.zattrs",
                "sample1.zarr/tables/table/varp/.zgroup",
                "sample1.zarr/zmetadata"
            ],
            [
                ".zgroup:md5,e20297935e73dd0154104d4ea53040ab",
                ".zgroup:md5,e20297935e73dd0154104d4ea53040ab",
                ".zgroup:md5,e20297935e73dd0154104d4ea53040ab",
                "1:md5,de228035c7935e884b4a1af8dc4903ac",
                "2:md5,5af87bde48de5aa97ab6c5e3c779d3ed",
                "3:md5,290456bdd4f13f815684d7df2bc8beb1",
                "1:md5,59bf54f6f8a70534ccb107f989a359e8",
                "2:md5,563f4d52c2a274ee07b1c2e903c8e053",
                "3:md5,5dc4e93210483696e4b8ccd261b59ea4",
                "1:md5,6c497854befbd0fbc27df2f15dd6620a",
                "2:md5,5acfcfc8b05f5937b96dc5e330f00241",
                "3:md5,59af25140054c5fa5659295c0810adbc",
                "1:md5,604ec2d55485b819025f15d6cb25c3d1",
                "2:md5,db580bfe58001e49f7a7f5e75748bc69",
                "3:md5,b00f1bb37e6ebf8ef0a70cf5e8c8f023",
                "1:md5,7095884e5e1e9baac3a24d15ba0c1f7b",
                "1:md5,d5b194a88cfcc4939f402d1e06fb6b7d",
                ".zgroup:md5,e20297935e73dd0154104d4ea53040ab",
                "1:md5,2338504a672e7656bdb5300d60f7353a",
                "1:md5,12ab66f310ab8ebffc2a178a9008523e",
                "1:md5,2716f328ef2e4ae7bdd2aebece4cc81a",
                "1:md5,e18bcf5aa4b9aa00b724efe4b7fc9a08",
                "1:md5,228aed44f36d6c96e0ae385cfdbf59d7",
                "1:md5,320dae82e5e926f94c26ca0c496a94be",
                "1:md5,5e1f8a06ee1b586ed10d84e51695f34d",
                "1:md5,0e9f2432ab893f8fac56226edbb7243c",
                ".zgroup:md5,e20297935e73dd0154104d4ea53040ab",
                ".zgroup:md5,e20297935e73dd0154104d4ea53040ab",
                ".zgroup:md5,e20297935e73dd0154104d4ea53040ab",
                ".zgroup:md5,e20297935e73dd0154104d4ea53040ab",
                ".zgroup:md5,e20297935e73dd0154104d4ea53040ab",
                ".zgroup:md5,e20297935e73dd0154104d4ea53040ab",
                ".zgroup:md5,e20297935e73dd0154104d4ea53040ab",
                ".zgroup:md5,e20297935e73dd0154104d4ea53040ab",
                ".zgroup:md5,e20297935e73dd0154104d4ea53040ab",
                ".zgroup:md5,e20297935e73dd0154104d4ea53040ab",
                ".zgroup:md5,e20297935e73dd0154104d4ea53040ab",
                ".zgroup:md5,e20297935e73dd0154104d4ea53040ab",
                ".zgroup:md5,e20297935e73dd0154104d4ea53040ab",
                ".zgroup:md5,e20297935e73dd0154104d4ea53040ab",
                ".zgroup:md5,e20297935e73dd0154104d4ea53040ab",
                ".zgroup:md5,e20297935e73dd0154104d4ea53040ab",
                ".zgroup:md5,e20297935e73dd0154104d4ea53040ab",
                ".zgroup:md5,e20297935e73dd0154104d4ea53040ab",
                ".zgroup:md5,e20297935e73dd0154104d4ea53040ab",
                ".zgroup:md5,e20297935e73dd0154104d4ea53040ab",
                ".zgroup:md5,e20297935e73dd0154104d4ea53040ab",
                ".zgroup:md5,e20297935e73dd0154104d4ea53040ab",
                ".zgroup:md5,e20297935e73dd0154104d4ea53040ab",
                "zmetadata:md5,e50f7a50b909b3dc4650609f1c05480b"
            ]
        ],
        "meta": {
            "nf-test": "0.9.2",
            "nextflow": "25.04.6"
        },
        "timestamp": "2025-07-16T09:39:58.753759"
    }
}